
[1A[2K[WebServer] The CJS build of Vite's Node API is deprecated. See https://vite.dev/guide/troubleshooting.html#vite-cjs-node-api-deprecated for more details.

Running 4 tests using 4 workers

[1A[2K[1/4] [chromium] 鈥?tests\home.spec.ts:12:5 鈥?琛ㄥ崟杈撳叆涓庢彁浜ゅ姛鑳?[1A[2K[2/4] [chromium] 鈥?tests\home.spec.ts:3:5 鈥?棣栭〉鍐呭涓庤幏鍙?appPath 鎸夐挳
[1A[2K[3/4] [chromium] 鈥?tests\settings.spec.ts:3:5 鈥?璁剧疆椤甸潰鍒囨崲娣辫壊妯″紡
[1A[2K[4/4] [chromium] 鈥?tests\about.spec.ts:3:5 鈥?鍏充簬椤甸潰鏄剧ず鏍稿績璇存槑
[1A[2K  4 passed (10.9s)

To open last HTML report run:
[36m[39m
[36m  npx playwright show-report[39m
[36m[39m
